c:\nxp\mcuxpressoide_11.4.1_6260\ide\plugins\com.nxp.mcuxpresso.tools.win32_11.4.0.202103011116\tools\arm-none-eabi\include\c++\10.2.1\new:174:33:void* operator new(std::size_t, void*)	16	static
c:\nxp\mcuxpressoide_11.4.1_6260\ide\plugins\com.nxp.mcuxpresso.tools.win32_11.4.0.202103011116\tools\arm-none-eabi\include\c++\10.2.1\bits\stl_vector.h:128:14:std::_Vector_base<CALLBACK*, std::allocator<CALLBACK*> >::_Vector_impl::~_Vector_impl()	16	static
c:\nxp\mcuxpressoide_11.4.1_6260\ide\plugins\com.nxp.mcuxpresso.tools.win32_11.4.0.202103011116\tools\arm-none-eabi\include\c++\10.2.1\bits\stl_vector.h:288:7:std::_Vector_base<_Tp, _Alloc>::_Vector_base() [with _Tp = CALLBACK*; _Alloc = std::allocator<CALLBACK*>]	16	static
c:\nxp\mcuxpressoide_11.4.1_6260\ide\plugins\com.nxp.mcuxpresso.tools.win32_11.4.0.202103011116\tools\arm-none-eabi\include\c++\10.2.1\bits\stl_vector.h:487:7:std::vector<_Tp, _Alloc>::vector() [with _Tp = CALLBACK*; _Alloc = std::allocator<CALLBACK*>]	16	static
../src/UTILS/CALLBACK/CALLBACK.cpp:12:6:virtual void CALLBACK::Callback()	16	static
../src/UTILS/CALLBACK/CALLBACK.cpp:17:1:CALLBACK::CALLBACK()	24	static
../src/UTILS/CALLBACK/CALLBACK.cpp:22:6:static void CALLBACK::SysTickCall()	24	static
c:\nxp\mcuxpressoide_11.4.1_6260\ide\plugins\com.nxp.mcuxpresso.tools.win32_11.4.0.202103011116\tools\arm-none-eabi\include\c++\10.2.1\bits\stl_vector.h:131:2:std::_Vector_base<_Tp, _Alloc>::_Vector_impl::_Vector_impl() [with _Tp = CALLBACK*; _Alloc = std::allocator<CALLBACK*>]	16	static
c:\nxp\mcuxpressoide_11.4.1_6260\ide\plugins\com.nxp.mcuxpresso.tools.win32_11.4.0.202103011116\tools\arm-none-eabi\include\c++\10.2.1\bits\allocator.h:162:7:std::allocator< <template-parameter-1-1> >::~allocator() [with _Tp = CALLBACK*]	16	static
c:\nxp\mcuxpressoide_11.4.1_6260\ide\plugins\com.nxp.mcuxpresso.tools.win32_11.4.0.202103011116\tools\arm-none-eabi\include\c++\10.2.1\bits\stl_vector.h:333:7:std::_Vector_base<_Tp, _Alloc>::~_Vector_base() [with _Tp = CALLBACK*; _Alloc = std::allocator<CALLBACK*>]	16	static
c:\nxp\mcuxpressoide_11.4.1_6260\ide\plugins\com.nxp.mcuxpresso.tools.win32_11.4.0.202103011116\tools\arm-none-eabi\include\c++\10.2.1\bits\stl_vector.h:1203:7:void std::vector<_Tp, _Alloc>::push_back(std::vector<_Tp, _Alloc>::value_type&&) [with _Tp = CALLBACK*; _Alloc = std::allocator<CALLBACK*>]	16	static
c:\nxp\mcuxpressoide_11.4.1_6260\ide\plugins\com.nxp.mcuxpresso.tools.win32_11.4.0.202103011116\tools\arm-none-eabi\include\c++\10.2.1\bits\stl_vector.h:811:7:std::vector<_Tp, _Alloc>::iterator std::vector<_Tp, _Alloc>::begin() [with _Tp = CALLBACK*; _Alloc = std::allocator<CALLBACK*>]	24	static
c:\nxp\mcuxpressoide_11.4.1_6260\ide\plugins\com.nxp.mcuxpresso.tools.win32_11.4.0.202103011116\tools\arm-none-eabi\include\c++\10.2.1\bits\stl_vector.h:829:7:std::vector<_Tp, _Alloc>::iterator std::vector<_Tp, _Alloc>::end() [with _Tp = CALLBACK*; _Alloc = std::allocator<CALLBACK*>]	24	static
c:\nxp\mcuxpressoide_11.4.1_6260\ide\plugins\com.nxp.mcuxpresso.tools.win32_11.4.0.202103011116\tools\arm-none-eabi\include\c++\10.2.1\bits\stl_iterator.h:1113:5:bool __gnu_cxx::operator!=(const __gnu_cxx::__normal_iterator<_Iterator, _Container>&, const __gnu_cxx::__normal_iterator<_Iterator, _Container>&) [with _Iterator = CALLBACK**; _Container = std::vector<CALLBACK*>]	24	static
c:\nxp\mcuxpressoide_11.4.1_6260\ide\plugins\com.nxp.mcuxpresso.tools.win32_11.4.0.202103011116\tools\arm-none-eabi\include\c++\10.2.1\bits\stl_iterator.h:1003:7:__gnu_cxx::__normal_iterator<_Iterator, _Container>& __gnu_cxx::__normal_iterator<_Iterator, _Container>::operator++() [with _Iterator = CALLBACK**; _Container = std::vector<CALLBACK*>]	16	static
c:\nxp\mcuxpressoide_11.4.1_6260\ide\plugins\com.nxp.mcuxpresso.tools.win32_11.4.0.202103011116\tools\arm-none-eabi\include\c++\10.2.1\bits\stl_iterator.h:993:7:__gnu_cxx::__normal_iterator<_Iterator, _Container>::reference __gnu_cxx::__normal_iterator<_Iterator, _Container>::operator*() const [with _Iterator = CALLBACK**; _Container = std::vector<CALLBACK*>]	16	static
c:\nxp\mcuxpressoide_11.4.1_6260\ide\plugins\com.nxp.mcuxpresso.tools.win32_11.4.0.202103011116\tools\arm-none-eabi\include\c++\10.2.1\bits\allocator.h:144:7:std::allocator< <template-parameter-1-1> >::allocator() [with _Tp = CALLBACK*]	16	static
c:\nxp\mcuxpressoide_11.4.1_6260\ide\plugins\com.nxp.mcuxpresso.tools.win32_11.4.0.202103011116\tools\arm-none-eabi\include\c++\10.2.1\bits\stl_vector.h:97:2:std::_Vector_base<_Tp, _Alloc>::_Vector_impl_data::_Vector_impl_data() [with _Tp = CALLBACK*; _Alloc = std::allocator<CALLBACK*>]	16	static
c:\nxp\mcuxpressoide_11.4.1_6260\ide\plugins\com.nxp.mcuxpresso.tools.win32_11.4.0.202103011116\tools\arm-none-eabi\include\c++\10.2.1\ext\new_allocator.h:89:7:__gnu_cxx::new_allocator<_Tp>::~new_allocator() [with _Tp = CALLBACK*]	16	static
c:\nxp\mcuxpressoide_11.4.1_6260\ide\plugins\com.nxp.mcuxpresso.tools.win32_11.4.0.202103011116\tools\arm-none-eabi\include\c++\10.2.1\bits\stl_vector.h:350:7:void std::_Vector_base<_Tp, _Alloc>::_M_deallocate(std::_Vector_base<_Tp, _Alloc>::pointer, std::size_t) [with _Tp = CALLBACK*; _Alloc = std::allocator<CALLBACK*>]	24	static
c:\nxp\mcuxpressoide_11.4.1_6260\ide\plugins\com.nxp.mcuxpresso.tools.win32_11.4.0.202103011116\tools\arm-none-eabi\include\c++\10.2.1\bits\move.h:101:5:constexpr typename std::remove_reference<_Tp>::type&& std::move(_Tp&&) [with _Tp = CALLBACK*&]	16	static
c:\nxp\mcuxpressoide_11.4.1_6260\ide\plugins\com.nxp.mcuxpresso.tools.win32_11.4.0.202103011116\tools\arm-none-eabi\include\c++\10.2.1\bits\vector.tcc:109:7:) [with _Args = {CALLBACK*}; _Tp = CALLBACK*; _Alloc = std::allocator<CALLBACK*>]	24	static
c:\nxp\mcuxpressoide_11.4.1_6260\ide\plugins\com.nxp.mcuxpresso.tools.win32_11.4.0.202103011116\tools\arm-none-eabi\include\c++\10.2.1\bits\stl_iterator.h:978:7:__gnu_cxx::__normal_iterator<_Iterator, _Container>::__normal_iterator(const _Iterator&) [with _Iterator = CALLBACK**; _Container = std::vector<CALLBACK*>]	16	static
c:\nxp\mcuxpressoide_11.4.1_6260\ide\plugins\com.nxp.mcuxpresso.tools.win32_11.4.0.202103011116\tools\arm-none-eabi\include\c++\10.2.1\bits\stl_iterator.h:1056:7:const _Iterator& __gnu_cxx::__normal_iterator<_Iterator, _Container>::base() const [with _Iterator = CALLBACK**; _Container = std::vector<CALLBACK*>]	16	static
c:\nxp\mcuxpressoide_11.4.1_6260\ide\plugins\com.nxp.mcuxpresso.tools.win32_11.4.0.202103011116\tools\arm-none-eabi\include\c++\10.2.1\ext\new_allocator.h:79:7:__gnu_cxx::new_allocator<_Tp>::new_allocator() [with _Tp = CALLBACK*]	16	static
c:\nxp\mcuxpressoide_11.4.1_6260\ide\plugins\com.nxp.mcuxpresso.tools.win32_11.4.0.202103011116\tools\arm-none-eabi\include\c++\10.2.1\bits\alloc_traits.h:491:7:static void std::allocator_traits<std::allocator<_Tp1> >::deallocate(std::allocator_traits<std::allocator<_Tp1> >::allocator_type&, std::allocator_traits<std::allocator<_Tp1> >::pointer, std::allocator_traits<std::allocator<_Tp1> >::size_type) [with _Tp = CALLBACK*]	24	static
c:\nxp\mcuxpressoide_11.4.1_6260\ide\plugins\com.nxp.mcuxpresso.tools.win32_11.4.0.202103011116\tools\arm-none-eabi\include\c++\10.2.1\bits\move.h:76:5:constexpr _Tp&& std::forward(typename std::remove_reference<_Tp>::type&) [with _Tp = CALLBACK*]	16	static
c:\nxp\mcuxpressoide_11.4.1_6260\ide\plugins\com.nxp.mcuxpresso.tools.win32_11.4.0.202103011116\tools\arm-none-eabi\include\c++\10.2.1\bits\alloc_traits.h:507:2:) [with _Up = CALLBACK*; _Args = {CALLBACK*}; _Tp = CALLBACK*]	24	static
c:\nxp\mcuxpressoide_11.4.1_6260\ide\plugins\com.nxp.mcuxpresso.tools.win32_11.4.0.202103011116\tools\arm-none-eabi\include\c++\10.2.1\bits\stl_vector.h:444:7:static constexpr bool std::vector<_Tp, _Alloc>::_S_use_relocate() [with _Tp = CALLBACK*; _Alloc = std::allocator<CALLBACK*>]	16	static
c:\nxp\mcuxpressoide_11.4.1_6260\ide\plugins\com.nxp.mcuxpresso.tools.win32_11.4.0.202103011116\tools\arm-none-eabi\include\c++\10.2.1\bits\stl_vector.h:431:7:static constexpr bool std::vector<_Tp, _Alloc>::_S_nothrow_relocate(std::true_type) [with _Tp = CALLBACK*; _Alloc = std::allocator<CALLBACK*>]	16	static
c:\nxp\mcuxpressoide_11.4.1_6260\ide\plugins\com.nxp.mcuxpresso.tools.win32_11.4.0.202103011116\tools\arm-none-eabi\include\c++\10.2.1\bits\vector.tcc:426:7:) [with _Args = {CALLBACK*}; _Tp = CALLBACK*; _Alloc = std::allocator<CALLBACK*>]	72	static
c:\nxp\mcuxpressoide_11.4.1_6260\ide\plugins\com.nxp.mcuxpresso.tools.win32_11.4.0.202103011116\tools\arm-none-eabi\include\c++\10.2.1\ext\new_allocator.h:120:7:void __gnu_cxx::new_allocator<_Tp>::deallocate(_Tp*, __gnu_cxx::new_allocator<_Tp>::size_type) [with _Tp = CALLBACK*]	24	static
c:\nxp\mcuxpressoide_11.4.1_6260\ide\plugins\com.nxp.mcuxpresso.tools.win32_11.4.0.202103011116\tools\arm-none-eabi\include\c++\10.2.1\ext\new_allocator.h:148:2:) [with _Up = CALLBACK*; _Args = {CALLBACK*}; _Tp = CALLBACK*]	32	static
c:\nxp\mcuxpressoide_11.4.1_6260\ide\plugins\com.nxp.mcuxpresso.tools.win32_11.4.0.202103011116\tools\arm-none-eabi\include\c++\10.2.1\bits\stl_vector.h:1756:7:std::vector<_Tp, _Alloc>::size_type std::vector<_Tp, _Alloc>::_M_check_len(std::vector<_Tp, _Alloc>::size_type, const char*) const [with _Tp = CALLBACK*; _Alloc = std::allocator<CALLBACK*>]	40	static
c:\nxp\mcuxpressoide_11.4.1_6260\ide\plugins\com.nxp.mcuxpresso.tools.win32_11.4.0.202103011116\tools\arm-none-eabi\include\c++\10.2.1\bits\stl_iterator.h:1202:5:typename __gnu_cxx::__normal_iterator<_Iterator, _Container>::difference_type __gnu_cxx::operator-(const __gnu_cxx::__normal_iterator<_Iterator, _Container>&, const __gnu_cxx::__normal_iterator<_Iterator, _Container>&) [with _Iterator = CALLBACK**; _Container = std::vector<CALLBACK*>]	24	static
c:\nxp\mcuxpressoide_11.4.1_6260\ide\plugins\com.nxp.mcuxpresso.tools.win32_11.4.0.202103011116\tools\arm-none-eabi\include\c++\10.2.1\bits\stl_vector.h:343:7:std::_Vector_base<_Tp, _Alloc>::pointer std::_Vector_base<_Tp, _Alloc>::_M_allocate(std::size_t) [with _Tp = CALLBACK*; _Alloc = std::allocator<CALLBACK*>]	16	static
c:\nxp\mcuxpressoide_11.4.1_6260\ide\plugins\com.nxp.mcuxpresso.tools.win32_11.4.0.202103011116\tools\arm-none-eabi\include\c++\10.2.1\bits\stl_vector.h:465:7:static std::vector<_Tp, _Alloc>::pointer std::vector<_Tp, _Alloc>::_S_relocate(std::vector<_Tp, _Alloc>::pointer, std::vector<_Tp, _Alloc>::pointer, std::vector<_Tp, _Alloc>::pointer, std::vector<_Tp, _Alloc>::_Tp_alloc_type&) [with _Tp = CALLBACK*; _Alloc = std::allocator<CALLBACK*>]	40	static
c:\nxp\mcuxpressoide_11.4.1_6260\ide\plugins\com.nxp.mcuxpresso.tools.win32_11.4.0.202103011116\tools\arm-none-eabi\include\c++\10.2.1\bits\stl_vector.h:276:7:std::_Vector_base<_Tp, _Alloc>::_Tp_alloc_type& std::_Vector_base<_Tp, _Alloc>::_M_get_Tp_allocator() [with _Tp = CALLBACK*; _Alloc = std::allocator<CALLBACK*>]	16	static
c:\nxp\mcuxpressoide_11.4.1_6260\ide\plugins\com.nxp.mcuxpresso.tools.win32_11.4.0.202103011116\tools\arm-none-eabi\include\c++\10.2.1\bits\stl_uninitialized.h:341:5:_ForwardIterator std::__uninitialized_move_if_noexcept_a(_InputIterator, _InputIterator, _ForwardIterator, _Allocator&) [with _InputIterator = CALLBACK**; _ForwardIterator = CALLBACK**; _Allocator = std::allocator<CALLBACK*>]	32	static
c:\nxp\mcuxpressoide_11.4.1_6260\ide\plugins\com.nxp.mcuxpresso.tools.win32_11.4.0.202103011116\tools\arm-none-eabi\include\c++\10.2.1\bits\alloc_traits.h:735:5:void std::_Destroy(_ForwardIterator, _ForwardIterator, std::allocator<_T2>&) [with _ForwardIterator = CALLBACK**; _Tp = CALLBACK*]	24	static
c:\nxp\mcuxpressoide_11.4.1_6260\ide\plugins\com.nxp.mcuxpresso.tools.win32_11.4.0.202103011116\tools\arm-none-eabi\include\c++\10.2.1\bits\stl_vector.h:923:7:std::vector<_Tp, _Alloc>::size_type std::vector<_Tp, _Alloc>::max_size() const [with _Tp = CALLBACK*; _Alloc = std::allocator<CALLBACK*>]	16	static
c:\nxp\mcuxpressoide_11.4.1_6260\ide\plugins\com.nxp.mcuxpresso.tools.win32_11.4.0.202103011116\tools\arm-none-eabi\include\c++\10.2.1\bits\stl_vector.h:918:7:std::vector<_Tp, _Alloc>::size_type std::vector<_Tp, _Alloc>::size() const [with _Tp = CALLBACK*; _Alloc = std::allocator<CALLBACK*>]	16	static
c:\nxp\mcuxpressoide_11.4.1_6260\ide\plugins\com.nxp.mcuxpresso.tools.win32_11.4.0.202103011116\tools\arm-none-eabi\include\c++\10.2.1\bits\stl_algobase.h:254:5:constexpr const _Tp& std::max(const _Tp&, const _Tp&) [with _Tp = unsigned int]	16	static
c:\nxp\mcuxpressoide_11.4.1_6260\ide\plugins\com.nxp.mcuxpresso.tools.win32_11.4.0.202103011116\tools\arm-none-eabi\include\c++\10.2.1\bits\alloc_traits.h:459:7:static _Tp* std::allocator_traits<std::allocator<_Tp1> >::allocate(std::allocator_traits<std::allocator<_Tp1> >::allocator_type&, std::allocator_traits<std::allocator<_Tp1> >::size_type) [with _Tp = CALLBACK*]	16	static
c:\nxp\mcuxpressoide_11.4.1_6260\ide\plugins\com.nxp.mcuxpresso.tools.win32_11.4.0.202103011116\tools\arm-none-eabi\include\c++\10.2.1\bits\stl_vector.h:453:7:static std::vector<_Tp, _Alloc>::pointer std::vector<_Tp, _Alloc>::_S_do_relocate(std::vector<_Tp, _Alloc>::pointer, std::vector<_Tp, _Alloc>::pointer, std::vector<_Tp, _Alloc>::pointer, std::vector<_Tp, _Alloc>::_Tp_alloc_type&, std::true_type) [with _Tp = CALLBACK*; _Alloc = std::allocator<CALLBACK*>]	24	static
c:\nxp\mcuxpressoide_11.4.1_6260\ide\plugins\com.nxp.mcuxpresso.tools.win32_11.4.0.202103011116\tools\arm-none-eabi\include\c++\10.2.1\bits\stl_iterator.h:1596:5:_ReturnType std::__make_move_if_noexcept_iterator(_Tp*) [with _Tp = CALLBACK*; _ReturnType = std::move_iterator<CALLBACK**>]	24	static
c:\nxp\mcuxpressoide_11.4.1_6260\ide\plugins\com.nxp.mcuxpresso.tools.win32_11.4.0.202103011116\tools\arm-none-eabi\include\c++\10.2.1\bits\stl_uninitialized.h:323:5:_ForwardIterator std::__uninitialized_copy_a(_InputIterator, _InputIterator, _ForwardIterator, std::allocator<_Tp>&) [with _InputIterator = std::move_iterator<CALLBACK**>; _ForwardIterator = CALLBACK**; _Tp = CALLBACK*]	24	static
c:\nxp\mcuxpressoide_11.4.1_6260\ide\plugins\com.nxp.mcuxpresso.tools.win32_11.4.0.202103011116\tools\arm-none-eabi\include\c++\10.2.1\bits\stl_construct.h:171:5:void std::_Destroy(_ForwardIterator, _ForwardIterator) [with _ForwardIterator = CALLBACK**]	16	static
c:\nxp\mcuxpressoide_11.4.1_6260\ide\plugins\com.nxp.mcuxpresso.tools.win32_11.4.0.202103011116\tools\arm-none-eabi\include\c++\10.2.1\bits\stl_vector.h:1776:7:static std::vector<_Tp, _Alloc>::size_type std::vector<_Tp, _Alloc>::_S_max_size(const _Tp_alloc_type&) [with _Tp = CALLBACK*; _Alloc = std::allocator<CALLBACK*>]	24	static
c:\nxp\mcuxpressoide_11.4.1_6260\ide\plugins\com.nxp.mcuxpresso.tools.win32_11.4.0.202103011116\tools\arm-none-eabi\include\c++\10.2.1\bits\stl_vector.h:280:7:const _Tp_alloc_type& std::_Vector_base<_Tp, _Alloc>::_M_get_Tp_allocator() const [with _Tp = CALLBACK*; _Alloc = std::allocator<CALLBACK*>]	16	static
c:\nxp\mcuxpressoide_11.4.1_6260\ide\plugins\com.nxp.mcuxpresso.tools.win32_11.4.0.202103011116\tools\arm-none-eabi\include\c++\10.2.1\ext\new_allocator.h:103:7:_Tp* __gnu_cxx::new_allocator<_Tp>::allocate(__gnu_cxx::new_allocator<_Tp>::size_type, const void*) [with _Tp = CALLBACK*]	24	static
c:\nxp\mcuxpressoide_11.4.1_6260\ide\plugins\com.nxp.mcuxpresso.tools.win32_11.4.0.202103011116\tools\arm-none-eabi\include\c++\10.2.1\bits\stl_uninitialized.h:1022:5:_ForwardIterator std::__relocate_a(_InputIterator, _InputIterator, _ForwardIterator, _Allocator&) [with _InputIterator = CALLBACK**; _ForwardIterator = CALLBACK**; _Allocator = std::allocator<CALLBACK*>]	32	static
c:\nxp\mcuxpressoide_11.4.1_6260\ide\plugins\com.nxp.mcuxpresso.tools.win32_11.4.0.202103011116\tools\arm-none-eabi\include\c++\10.2.1\bits\stl_iterator.h:1326:7:std::move_iterator<_Iterator>::move_iterator(std::move_iterator<_Iterator>::iterator_type) [with _Iterator = CALLBACK**]	16	static
c:\nxp\mcuxpressoide_11.4.1_6260\ide\plugins\com.nxp.mcuxpresso.tools.win32_11.4.0.202103011116\tools\arm-none-eabi\include\c++\10.2.1\bits\stl_uninitialized.h:125:5:_ForwardIterator std::uninitialized_copy(_InputIterator, _InputIterator, _ForwardIterator) [with _InputIterator = std::move_iterator<CALLBACK**>; _ForwardIterator = CALLBACK**]	32	static
c:\nxp\mcuxpressoide_11.4.1_6260\ide\plugins\com.nxp.mcuxpresso.tools.win32_11.4.0.202103011116\tools\arm-none-eabi\include\c++\10.2.1\bits\stl_construct.h:161:9:static void std::_Destroy_aux<true>::__destroy(_ForwardIterator, _ForwardIterator) [with _ForwardIterator = CALLBACK**]	16	static
c:\nxp\mcuxpressoide_11.4.1_6260\ide\plugins\com.nxp.mcuxpresso.tools.win32_11.4.0.202103011116\tools\arm-none-eabi\include\c++\10.2.1\bits\alloc_traits.h:543:7:static std::allocator_traits<std::allocator<_Tp1> >::size_type std::allocator_traits<std::allocator<_Tp1> >::max_size(const allocator_type&) [with _Tp = CALLBACK*]	16	static
c:\nxp\mcuxpressoide_11.4.1_6260\ide\plugins\com.nxp.mcuxpresso.tools.win32_11.4.0.202103011116\tools\arm-none-eabi\include\c++\10.2.1\bits\stl_algobase.h:230:5:constexpr const _Tp& std::min(const _Tp&, const _Tp&) [with _Tp = unsigned int]	16	static
c:\nxp\mcuxpressoide_11.4.1_6260\ide\plugins\com.nxp.mcuxpresso.tools.win32_11.4.0.202103011116\tools\arm-none-eabi\include\c++\10.2.1\ext\new_allocator.h:185:7:constexpr __gnu_cxx::new_allocator<_Tp>::size_type __gnu_cxx::new_allocator<_Tp>::_M_max_size() const [with _Tp = CALLBACK*]	16	static
c:\nxp\mcuxpressoide_11.4.1_6260\ide\plugins\com.nxp.mcuxpresso.tools.win32_11.4.0.202103011116\tools\arm-none-eabi\include\c++\10.2.1\bits\stl_algobase.h:313:5:_Iterator std::__niter_base(_Iterator) [with _Iterator = CALLBACK**]	16	static
c:\nxp\mcuxpressoide_11.4.1_6260\ide\plugins\com.nxp.mcuxpresso.tools.win32_11.4.0.202103011116\tools\arm-none-eabi\include\c++\10.2.1\bits\stl_uninitialized.h:988:5:std::__enable_if_t<std::__is_bitwise_relocatable<_Tp>::value, _Tp*> std::__relocate_a_1(_Tp*, _Tp*, _Tp*, std::allocator<_T2>&) [with _Tp = CALLBACK*; _Up = CALLBACK*]	32	static
c:\nxp\mcuxpressoide_11.4.1_6260\ide\plugins\com.nxp.mcuxpresso.tools.win32_11.4.0.202103011116\tools\arm-none-eabi\include\c++\10.2.1\bits\move.h:101:5:constexpr typename std::remove_reference<_Tp>::type&& std::move(_Tp&&) [with _Tp = CALLBACK**&]	16	static
c:\nxp\mcuxpressoide_11.4.1_6260\ide\plugins\com.nxp.mcuxpresso.tools.win32_11.4.0.202103011116\tools\arm-none-eabi\include\c++\10.2.1\bits\stl_uninitialized.h:107:9:static _ForwardIterator std::__uninitialized_copy<true>::__uninit_copy(_InputIterator, _InputIterator, _ForwardIterator) [with _InputIterator = std::move_iterator<CALLBACK**>; _ForwardIterator = CALLBACK**]	24	static
c:\nxp\mcuxpressoide_11.4.1_6260\ide\plugins\com.nxp.mcuxpresso.tools.win32_11.4.0.202103011116\tools\arm-none-eabi\include\c++\10.2.1\ext\new_allocator.h:142:7:__gnu_cxx::new_allocator<_Tp>::size_type __gnu_cxx::new_allocator<_Tp>::max_size() const [with _Tp = CALLBACK*]	16	static
c:\nxp\mcuxpressoide_11.4.1_6260\ide\plugins\com.nxp.mcuxpresso.tools.win32_11.4.0.202103011116\tools\arm-none-eabi\include\c++\10.2.1\bits\stl_algobase.h:560:5:_OI std::copy(_II, _II, _OI) [with _II = std::move_iterator<CALLBACK**>; _OI = CALLBACK**]	32	static
c:\nxp\mcuxpressoide_11.4.1_6260\ide\plugins\com.nxp.mcuxpresso.tools.win32_11.4.0.202103011116\tools\arm-none-eabi\include\c++\10.2.1\bits\stl_iterator.h:2202:5:base())) std::__miter_base(std::move_iterator<_IteratorL>) [with _Iterator = CALLBACK**]	16	static
c:\nxp\mcuxpressoide_11.4.1_6260\ide\plugins\com.nxp.mcuxpresso.tools.win32_11.4.0.202103011116\tools\arm-none-eabi\include\c++\10.2.1\bits\stl_algobase.h:511:5:_OI std::__copy_move_a(_II, _II, _OI) [with bool _IsMove = true; _II = CALLBACK**; _OI = CALLBACK**]	32	static
c:\nxp\mcuxpressoide_11.4.1_6260\ide\plugins\com.nxp.mcuxpresso.tools.win32_11.4.0.202103011116\tools\arm-none-eabi\include\c++\10.2.1\bits\stl_iterator.h:1336:7:std::move_iterator<_Iterator>::iterator_type std::move_iterator<_Iterator>::base() const [with _Iterator = CALLBACK**]	16	static
c:\nxp\mcuxpressoide_11.4.1_6260\ide\plugins\com.nxp.mcuxpresso.tools.win32_11.4.0.202103011116\tools\arm-none-eabi\include\c++\10.2.1\bits\cpp_type_traits.h:544:5:_Iterator std::__miter_base(_Iterator) [with _Iterator = CALLBACK**]	16	static
c:\nxp\mcuxpressoide_11.4.1_6260\ide\plugins\com.nxp.mcuxpresso.tools.win32_11.4.0.202103011116\tools\arm-none-eabi\include\c++\10.2.1\bits\stl_algobase.h:505:5:_OI std::__copy_move_a1(_II, _II, _OI) [with bool _IsMove = true; _II = CALLBACK**; _OI = CALLBACK**]	24	static
c:\nxp\mcuxpressoide_11.4.1_6260\ide\plugins\com.nxp.mcuxpresso.tools.win32_11.4.0.202103011116\tools\arm-none-eabi\include\c++\10.2.1\bits\stl_algobase.h:330:5:_Iterator std::__niter_wrap(const _Iterator&, _Iterator) [with _Iterator = CALLBACK**]	16	static
c:\nxp\mcuxpressoide_11.4.1_6260\ide\plugins\com.nxp.mcuxpresso.tools.win32_11.4.0.202103011116\tools\arm-none-eabi\include\c++\10.2.1\bits\stl_algobase.h:463:5:_OI std::__copy_move_a2(_II, _II, _OI) [with bool _IsMove = true; _II = CALLBACK**; _OI = CALLBACK**]	24	static
c:\nxp\mcuxpressoide_11.4.1_6260\ide\plugins\com.nxp.mcuxpresso.tools.win32_11.4.0.202103011116\tools\arm-none-eabi\include\c++\10.2.1\bits\stl_algobase.h:415:2:static _Tp* std::__copy_move<_IsMove, true, std::random_access_iterator_tag>::__copy_m(const _Tp*, const _Tp*, _Tp*) [with _Tp = CALLBACK*; bool _IsMove = true]	32	static
../src/UTILS/CALLBACK/CALLBACK.cpp:26:1:void __static_initialization_and_destruction_0(int, int)	16	static
c:\nxp\mcuxpressoide_11.4.1_6260\ide\plugins\com.nxp.mcuxpresso.tools.win32_11.4.0.202103011116\tools\arm-none-eabi\include\c++\10.2.1\bits\stl_vector.h:678:7:std::vector<_Tp, _Alloc>::~vector() [with _Tp = CALLBACK*; _Alloc = std::allocator<CALLBACK*>]	24	static
../src/UTILS/CALLBACK/CALLBACK.cpp:26:1:cpp)	8	static
